Warning: UnknownErrorException: Ensure that the `standardFontDataUrl` API parameter is provided.
Warning: UnknownErrorException: Ensure that the `standardFontDataUrl` API parameter is provided.
Warning: UnknownErrorException: Ensure that the `standardFontDataUrl` API parameter is provided.
Warning: TT: undefined function: 32
Warning: UnknownErrorException: Ensure that the `standardFontDataUrl` API parameter is provided.
Warning: UnknownErrorException: Ensure that the `standardFontDataUrl` API parameter is provided.
Warning: UnknownErrorException: Ensure that the `standardFontDataUrl` API parameter is provided.
Warning: UnknownErrorException: Ensure that the `standardFontDataUrl` API parameter is provided.
Warning: UnknownErrorException: Ensure that the `standardFontDataUrl` API parameter is provided.
Warning: UnknownErrorException: Ensure that the `standardFontDataUrl` API parameter is provided.
Warning: TT: undefined function: 32
Warning: UnknownErrorException: Ensure that the `standardFontDataUrl` API parameter is provided.
    No T/A lines parsed from: Since the task statements are not provided, I can only follow the given instructions to the extent of the information av
    No T/A lines parsed from: There are no task statements provided. 

NO TASKS
    No T/A lines parsed from: Since the actual task statements are not provided, I will be unable to reconstruct the full problem text. Therefore, my 
    No T/A lines parsed from: T13.2: Pole $P$ powierzchni całkowitej graniastosłupa w zależności od długości $a$ krawędzi podstawy graniastosłupa jest
Warning: UnknownErrorException: Ensure that the `standardFontDataUrl` API parameter is provided.
Warning: UnknownErrorException: Ensure that the `standardFontDataUrl` API parameter is provided.
Warning: UnknownErrorException: Ensure that the `standardFontDataUrl` API parameter is provided.
Warning: TT: undefined function: 32
Warning: UnknownErrorException: Ensure that the `standardFontDataUrl` API parameter is provided.

  Rate limit wait too long (40.7 min). Run again later.
