Scraping arkusze.pl — matura matematyka rozszerzona
Images  → C:\Users\48604\math-tutor\public\exercises\highschool
Manifest→ C:\Users\48604\math-tutor\src\data\highschool-exercises.json
  PDF deps loaded OK
Resuming: 7 exercises already saved

--- CKE maj 2026
  SKIP: PDFs not available (1 links found)

--- CKE maj 2025
  SKIP: already in manifest (7 tasks)

--- CKE maj 2024
  Downloading...
  Extracting answer map from key (19 chunks)...
    Rate limit — waiting 1.9s...
    Rate limit — waiting 12.9s...
    Rate limit — waiting 12.9s...
    Rate limit — waiting 13.5s...
    Rate limit — waiting 15.4s...
    Rate limit — waiting 8.0s...
    Rate limit — waiting 8.9s...
    Rate limit — waiting 16.0s...
    Rate limit — waiting 15.0s...
    Rate limit — waiting 17.0s...
    Rate limit — waiting 16.9s...
    Rate limit — waiting 8.0s...
    Rate limit — waiting 7.1s...
    Rate limit — waiting 8.0s...
    Rate limit — waiting 7.2s...
    Rate limit — waiting 13.9s...
    Rate limit — waiting 12.0s...
    Rate limit — waiting 8.0s...
    Rate limit — waiting 4.8s...
    Rate limit — waiting 8.0s...
    Rate limit — waiting 2.8s...
    Rate limit — waiting 3.4s...
  Answer map: 10 tasks — {"1":"59","2":"-∞","3":"0.996","4":"a = 7/2, b = -5","5":"2a + 1 / (a * (1 + b)) = log12 80","7":"x = 5, y = 20, z = 80.
  28 pages
    Rate limit — waiting 8.0s...
  Page 1: no tasks (cover/instructions) — skipped
  Page 2: no tasks (cover/instructions) — skipped
  Page 3: no tasks (cover/instructions) — skipped
  Page 4: 1 task(s) → 1. 59
  Page 5: 1 task(s) → 2. $-\infty$
  Page 6: 1 task(s) → 3. 0.996
    Rate limit — waiting 4.1s...
  Page 7: 1 task(s) → 4. $a = \frac{7}{2}, b = -5$
    Rate limit — waiting 8.0s...
  Page 8: 1 task(s) → 5. $2a + \frac{1}{a \cdot (1 + b)} = \log_{12}{80}$
  Page 9: 1 task(s) → 6. No answer provided for this task, so no answer can be given.
  Page 10: 1 task(s) → 7. $x = 5, y = 20, z = 80$
  Page 11: no tasks (cover/instructions) — skipped
  Page 12: 1 task(s) → 8. No answer provided in the map, best guess is not possible without further cal
  Page 13: no tasks (cover/instructions) — skipped
  Page 14: 1 task(s) → 9. $P_{AGF} = \frac{1}{12} \cdot a^2, P_{CEFG} = \frac{1}{6} \cdot a^2$
    Rate limit — waiting 8.0s...
  Page 15: 12 task(s) → 1. 59 | 2. -∞ | 3. 0.996 | 4. a = 7/2, b = -5 | 5. $2a + 1 / (a * (1 + b)) = \lo
  Page 16: 1 task(s) → 10. $\frac{\pi}{6}, \frac{\pi}{4}, \frac{5\pi}{6}, \frac{7\pi}{6}, \frac{5\pi}{4
  Page 17: no tasks (cover/instructions) — skipped
  Page 18: 1 task(s) → 11. $(6, 7)$ oraz $S = (-4, -3)$
  Page 19: no tasks (cover/instructions) — skipped
  Page 20: 1 task(s) → 12. $(-\infty, -3) \cup (1, +\infty)$ oraz $m \in (-\infty, 1/3]$
    Rate limit — waiting 8.0s...
  Page 21: no tasks (cover/instructions) — skipped
  Page 22: no tasks (cover/instructions) — skipped
  Page 23: 1 task(s) → 13. NO ANSWER PROVIDED IN THE GIVEN LIST
    Rate limit — waiting 500.4s...
    Rate limit — waiting 447.7s...
  Page 24: no tasks (cover/instructions) — skipped
    Rate limit — waiting 1055.1s...
  Page 25: no tasks (cover/instructions) — skipped
    Rate limit — waiting 1067.2s...
  Page 26: 10 task(s) → 1. 59 | 2. -∞ | 3. 0.996 | 4. a = 7/2, b = -5 | 5. 2a + 1 / (a * (1 + b)) = log1
    Rate limit — waiting 1055.1s...
  Page 27: no tasks (cover/instructions) — skipped
    Rate limit — waiting 1095.7s...
  Page 28: no tasks (cover/instructions) — skipped

--- CKE maj 2023
  Downloading...
  Extracting answer map from key (15 chunks)...
